[0] = package com.example.helloworld;

public interface RpcHelloWorld {
  Helloworld.HelloResp handleHello(Helloworld.HelloReq in);

  Helloworld.HelloResp handleHelloAgain(Helloworld.HelloReq in);
}

[1] = package com.example.helloworld;

import com.google.protobuf.util.JsonFormat;
import java.io.InputStreamReader;
import java.lang.Exception;
import java.nio.charset.StandardCharsets;
import javax.servlet.http.HttpServletRequest;
import javax.servlet.http.HttpServletResponse;
import org.springframework.beans.factory.annotation.Autowired;
import org.springframework.web.bind.annotation.PostMapping;
import org.springframework.web.bind.annotation.RestController;

@RestController
public class RpcHelloWorldController {
  @Autowired
  private RpcHelloWorld service;

  @PostMapping("/twirp/com.example.helloworld.HelloWorld/Hello")
  public void handleHello(HttpServletRequest request, HttpServletResponse response) throws
      Exception {
    boolean json = false;
    final Helloworld.HelloReq data;
    if (request.getContentType().equals("application/protobuf")) {
      data = Helloworld.HelloReq.parseFrom(request.getInputStream());
    } else if (request.getContentType().startsWith("application/json")) {
      json = true;
      Helloworld.HelloReq.Builder builder = Helloworld.HelloReq.newBuilder();
      JsonFormat.parser().merge(new InputStreamReader(request.getInputStream(), StandardCharsets.UTF_8), builder);
      data = builder.build();
    } else {
      response.setStatus(415);
      return;
    }
    Helloworld.HelloResp retval = service.handleHello(data);
    response.setStatus(200);
    if (json) {
      response.setContentType("application/json;charset=UTF-8");
      response.getOutputStream().write(JsonFormat.printer().omittingInsignificantWhitespace().print(retval).getBytes(StandardCharsets.UTF_8));
    } else {
      response.setContentType("application/protobuf");
      retval.writeTo(response.getOutputStream());
    }
  }

  @PostMapping("/twirp/com.example.helloworld.HelloWorld/HelloAgain")
  public void handleHelloAgain(HttpServletRequest request, HttpServletResponse response) throws
      Exception {
    boolean json = false;
    final Helloworld.HelloReq data;
    if (request.getContentType().equals("application/protobuf")) {
      data = Helloworld.HelloReq.parseFrom(request.getInputStream());
    } else if (request.getContentType().startsWith("application/json")) {
      json = true;
      Helloworld.HelloReq.Builder builder = Helloworld.HelloReq.newBuilder();
      JsonFormat.parser().merge(new InputStreamReader(request.getInputStream(), StandardCharsets.UTF_8), builder);
      data = builder.build();
    } else {
      response.setStatus(415);
      return;
    }
    Helloworld.HelloResp retval = service.handleHelloAgain(data);
    response.setStatus(200);
    if (json) {
      response.setContentType("application/json;charset=UTF-8");
      response.getOutputStream().write(JsonFormat.printer().omittingInsignificantWhitespace().print(retval).getBytes(StandardCharsets.UTF_8));
    } else {
      response.setContentType("application/protobuf");
      retval.writeTo(response.getOutputStream());
    }
  }
}

